---
source: gedcomfy/tests/tests.rs
description: "0 HEAD\r\n0 TRLR\r\n0 BADBADBAD\r\n"
expression: "shared::render(&err)"
input_file: gedcomfy/tests/format_inputs/after_trlr.ged
---
gedcomfy::error

  × A problem was found in the GEDCOM file
  ╰─▶ gedcom::version::missing
      
        × GEDCOM file appeared to be syntactically valid, but no version could
        │ be found
         ╭─[1:1]
       1 │ 0 HEAD
         · ───┬──
         ·    ╰── this is the head record, which should contain the GEDCOM
      version
       2 │ 0 TRLR
         ╰────
        help: GEDCOM version can be explicitly set using the `--force-version`
              flag
