---
source: gedcomfy/tests/tests.rs
description: "Hello, world!\r\n"
expression: "shared::render(&err)"
input_file: gedcomfy/tests/encoding_inputs/not_ged.ged
---
gedcomfy::error

  × A problem was found in the GEDCOM file
  ├─▶ gedcom::encoding::not_gedcom
  │   
  │     × Unable to determine encoding of GEDCOM file
  │     help: GEDCOM files must start with a '0 HEAD' record, but this was
  │           not found
  │   
  ╰─▶ Input does not appear to be a GEDCOM file
