---
source: gedcomfy/tests/tests.rs
description: "0 HEAD\r\n1 GEDC\r\n2 VERS 5.5.1\r\n1 CHAR ASCII\r\n0 OK\r\n1 @VOID@ BAD\r\n"
expression: "format!(\"{:?}\", miette::Report::new(err))"
input_file: gedcomfy/tests/syntax_inputs/void_xref.ged
---
gedcom::parse_error::reserved_xref

  × GEDCOM file contains a syntax error
  ╰─▶ Reserved value 'VOID' cannot be used as an XRef
