---
source: gedcom/tests/tests.rs
description: "0 HEAD\r\n1 CHAR ASCII\r\n0 HÖÖT\r\n0 TRLR\r\n"
expression: "format!(\"{:?}\", err.with_source_code(NamedSource::new(filename, data)))"
input_file: gedcom/tests/encoding_inputs/ascii_specified_malformed.ged
---
gedcom::encoding::invalid_data

  × Invalid data in GEDCOM file
  ╰─▶ the byte at index 25 is not ASCII
   ╭─[ascii_specified_malformed.ged:3:4]
 2 │ 1 CHAR ASCII
 3 │ 0 HÖÖT
   ·    ┬
   ·    ╰── this is not valid data for the encoding ASCII
 4 │ 0 TRLR
   ╰────

Advice: gedcom::encoding_reason::header

  ☞ encoding was specified in GEDCOM header
   ╭─[ascii_specified_malformed.ged:2:8]
 1 │ 0 HEAD
 2 │ 1 CHAR ASCII
   ·        ──┬──
   ·          ╰── encoding was specified here
 3 │ 0 HÖÖT
   ╰────
