---
source: gedcom/tests/tests.rs
expression: "format!(\"{:?}\",\n    err.with_source_code(NamedSource::new(filename.to_string_lossy(), data)))"
input_file: gedcom/tests/syntax_inputs/void_xref.ged
---
gedcom::parse_error::reserved_xref

  × Reserved value '@VOID@' cannot be used as an XRef
   ╭─[void_xref.ged:2:3]
 1 │ 0 OK
 2 │ 1 @VOID@ BAD
   ·   ───┬──
   ·      ╰── @VOID@ is a reserved value
   ╰────
