---
source: gedcom/tests/tests.rs
expression: "format!(\"{:?}\", err.with_source_code(NamedSource::new(filename, data)))"
input_file: gedcom/tests/format_inputs/no_trlr.ged
---
gedcom::file_format_error::missing_trailer_record

  × validating no_trlr.ged
  ├─▶ File structure error
  ╰─▶ Missing trailer (TRLR) record
  help: this record is always required at the end of the file – GEDCOM file might be truncated?
