---
source: gedcom/tests/tests.rs
description: "0 TAG\r\n2 TAG\r\n"
expression: "format!(\"{:?}\",\n    err.with_source_code(NamedSource::new(filename.to_string_lossy(), data)))"
input_file: gedcom/tests/syntax_inputs/skipped_level.ged
---
gedcom::tree_error::invalid_child_level

  × Invalid child level 2, expected 1 or less
   ╭─[skipped_level.ged:2:1]
 1 │ 0 TAG
 2 │ 2 TAG
   · ┬
   · ╰── this should be less than or equal to 1
   ╰────
